<?xml version="1.0" encoding="UTF-8"?>
<testsuites name="Mocha Tests" time="18.759" tests="1" failures="0">
  <testsuite name="Root Suite" timestamp="2019-11-25T12:17:20" tests="0" failures="0" time="0">
  </testsuite>
  <testsuite name="Login" timestamp="2019-11-25T12:17:20" tests="1" failures="0" time="18.759">
    <testcase name="Login Login with first user" time="18.759" classname="Login with first user">
    </testcase>
  </testsuite>
</testsuites>